// Jest Snapshot v1, https://goo.gl/fbAQLP

exports[`contains the page title 1`] = `
<div
  className="App"
>
  <BrowserRouter>
    <div>
      <Route
        component={[Function]}
        exact={true}
        path="/"
      />
      <Route
        component={[Function]}
        path="/detail/:id"
      />
      <Route
        component={[Function]}
        path="/submit-api"
      />
      <Route
        component={[Function]}
        path="/about"
      />
      <div
        className="container"
      >
        <hr />
        <ul>
          <li>
            <Link
              replace={false}
              to="/"
            >
              Home
            </Link>
          </li>
          <li>
            <Link
              replace={false}
              to="/submit-api"
            >
              Submit your API
            </Link>
          </li>
          <li>
            <Link
              replace={false}
              to="/about"
            >
              About
            </Link>
          </li>
        </ul>
      </div>
    </div>
  </BrowserRouter>
</div>
`;
