// Jest Snapshot v1, https://goo.gl/fbAQLP

exports[`contains the page title 1`] = `
<div
  className="App"
>
  <BrowserRouter>
    <div>
      <Route
        component={[Function]}
        exact={true}
        path="/"
      />
      <Route
        component={[Function]}
        path="/submit-api"
      />
      <hr />
      <ul>
        <li>
          <Link
            replace={false}
            to="/"
          >
            Home
          </Link>
        </li>
        <li>
          <Link
            replace={false}
            to="/submit-api"
          >
            Submit your API
          </Link>
        </li>
      </ul>
    </div>
  </BrowserRouter>
</div>
`;
